// Jest Snapshot v1, https://goo.gl/fbAQLP

exports[`validate email with snapshot 1`] = `
Object {
  "email": "michele.sciabarra@gmail.com",
  "errors": Array [],
  "message": Array [
    "email: michele.sciabarra@gmail.com",
  ],
}
`;

exports[`validate email with snapshot 2`] = `
Object {
  "email": "michele.sciabarra.com",
  "errors": Array [
    "michele.sciabarra.com does not look like an email",
  ],
  "message": Array [],
}
`;
